[themes.cmsmasters.net/indexe8d7.html]
[backblue.gif]
[fade.gif]
[index.html]
[themes.cmsmasters.net/css/style.css]
[code.jquery.com/jquery-migrate-1.2.1.min.js]
[themes.cmsmasters.net/images/logo.png]
[code.jquery.com/jquery-1.11.3.min.js]
[themes.cmsmasters.net/images/logo_text.png]
[cmsmasters.net/index.html]
[image-tf.s3.envato.com/files/189506122/dance-studio-preview.__large_preview.jpg]
[image-tf.s3.envato.com/files/184504355/psychology-help-preview.__large_preview.jpg]
[image-tf.s3.envato.com/files/185048765/logistic-business-preview.__large_preview.jpg]
[image-tf.s3.envato.com/files/177174414/be-clean-preview.__large_preview.jpg]
[image-tf.s3.envato.com/files/177713997/salinger-blog-preview.__large_preview.jpg]
[image-tf.s3.envato.com/files/176671925/construction-pro-preview.__large_preview.jpg]
[image-tf.s3.envato.com/files/170796459/wellness-spa-preview.__large_preview.jpg]
[image-tf.s3.envato.com/files/171538546/learning-education-preview.__large_preview.jpg]
[image-tf.s3.envato.com/files/160004228/sports-club_preview.__large_preview.jpg]
[image-tf.s3.envato.com/files/165942567/shopping-mall-preview.__large_preview.jpg]
[image-tf.s3.envato.com/files/161625042/interior-design-preview.__large_preview.jpg]
[image-tf.s3.envato.com/files/156058298/music-band-preview.__large_preview.jpg]
[image-tf.s3.envato.com/files/154828644/dental-clinic-preview.__large_preview.jpg]
[image-tf.s3.envato.com/files/148795997/yoga-fit-theme-preview.__large_preview.jpg]
[image-tf.s3.envato.com/files/145357342/medicine-plus-medical-wp.__large_preview.jpg]
[image-tf.s3.envato.com/files/142883707/finance-business-theme-preview.__large_preview.jpg]
[image-tf.s3.envato.com/files/141767991/welfare-ngo-preview.__large_preview.jpg]
[0.s3.envato.com/files/136169360/eco-nature-html-preview.__large_preview.jpg]
[0.s3.envato.com/files/136171503/law-business-html-preview.__large_preview.jpg]
[0.s3.envato.com/files/133755252/montmartre-screenshot.__large_preview.jpg]
[0.s3.envato.com/files/130252054/politics-political-wp-theme.__large_preview.jpg]
[0.s3.envato.com/files/121584537/pet-rescue-preview.__large_preview.jpg]
[0.s3.envato.com/files/117848925/garage-auto-car.__large_preview.jpg]
[0.s3.envato.com/files/114367635/agrofields-food-shop-theme-preview.__large_preview.jpg]
[0.s3.envato.com/files/107331864/social-activity-preview.__large_preview.jpg]
[0.s3.envato.com/files/100217856/preview.__large_preview.jpg]
[0.s3.envato.com/files/98125013/prevew.__large_preview.jpg]
[0.s3.envato.com/files/89663729/preview.__large_preview.jpg]
[0.s3.envato.com/files/81094840/preview.__large_preview.jpg]
[0.s3.envato.com/files/69463211/preview.__large_preview.jpg]
[0.s3.envato.com/files/66351155/01-screen-html.__large_preview.jpg]
[0.s3.envato.com/files/64986269/preview.__large_preview.jpg]
[0.s3.envato.com/files/63957147/preview.__large_preview.jpg]
[0.s3.envato.com/files/61556695/01-screen-2.__large_preview.jpg]
[0.s3.envato.com/files/57796463/screan-main-html.__large_preview.jpg]
[0.s3.envato.com/files/56821455/screan-main.__large_preview.jpg]
[0.s3.envato.com/files/55352029/01-screen.__large_preview.jpg]
[0.s3.envato.com/files/51793144/03-screen.__large_preview.jpg]
[0.s3.envato.com/files/48888502/screenshot.__large_preview.png]
[0.s3.envato.com/files/40338596/Screens/01-screen.__large_preview.jpg]
[0.s3.envato.com/files/28551852/screens/01-screen.__large_preview.jpg]
[0.s3.envato.com/files/27276569/screens/01-screen.__large_preview.jpg]
[0.s3.envato.com/files/17162519/SCREENS/01-screen.__large_preview.jpg]
[0.s3.envato.com/files/6601709/SCREENS/01-screen.__large_preview.jpg]
[themes.cmsmasters.net/indexe8d7.html]
[www.google-analytics.com/analytics.js]
[yoga-fit.cmsmasters.net/index.html]
[themes.cmsmasters.net/images/buy.png]
[themes.cmsmasters.net/css/style.css]
[themes.cmsmasters.net/images/close.png]
[cmsmasters.net/wp-content/uploads/2014/01/fav.gif]
[cmsmasters.net/wp-content/uploads/2014/01/video-300x204.png]
[cmsmasters.net/wp-content/uploads/2014/01/big-logo.png]
[cmsmasters.net/wp-content/plugins/LayerSlider/static/css/layerslider9d3a.css]
[cmsmasters.net/wp-content/plugins/contact-form-7/includes/css/stylesc1f9.css]
[cmsmasters.net/feed/index.html]
[cmsmasters.net/comments/feed/index.html]
[cmsmasters.net/wp-content/plugins/revslider/public/assets/css/settings6619.css]
[cmsmasters.net/home/feed/index.html]
[cmsmasters.net/wp-content/themes/goodday/style8a54.css]
[cmsmasters.net/wp-content/themes/goodday/css/adaptive8a54.css]
[cmsmasters.net/wp-content/themes/goodday/css/retina8a54.css]
[cmsmasters.net/wp-content/themes/goodday/css/ilightbox3601.css]
[cmsmasters.net/wp-content/themes/goodday/css/ilightbox-skins/dark-skin3601.css]
[cmsmasters.net/wp-content/themes/goodday/css/cmsms-woo-adaptive8a54.css]
[cmsmasters.net/wp-content/themes/goodday/css/cmsms-woo-style8a54.css]
[cmsmasters.net/wp-content/themes/goodday/css/fontello8a54.css]
[cmsmasters.net/wp-content/themes/goodday/css/animate8a54.css]
[cmsmasters.net/wp-content/uploads/cmsms_styles/goodday8a54.css]
[cmsmasters.net/wp-content/plugins/LayerSlider/static/js/greensockcd11.js]
[cmsmasters.net/wp-includes/js/jquery/jquery-migrate.min2fca.js]
[cmsmasters.net/wp-content/plugins/LayerSlider/static/js/layerslider.transitions9d3a.js]
[cmsmasters.net/wp-includes/js/jquery/jquerycad0.js]
[cmsmasters.net/wp-content/plugins/LayerSlider/static/js/layerslider.kreaturamedia.jquery9d3a.js]
[cmsmasters.net/wp-content/plugins/revslider/public/assets/js/jquery.themepunch.revolution.min6619.js]
[cmsmasters.net/wp-content/plugins/revslider/public/assets/js/jquery.themepunch.tools.min6619.js]
[cmsmasters.net/wp-content/themes/goodday/js/jsLibraries.min8a54.js]
[cmsmasters.net/xmlrpc0db0.php]
[cmsmasters.net/wp-json/index.html]
[cmsmasters.net/wp-includes/wlwmanifest.xml]
[cmsmasters.net/wp-json/oembed/1.0/embed28af.json]
[cmsmasters.net/wp-json/oembed/1.0/embed90c8]
[cmsmasters.net/wp-content/uploads/2014/01/logo-cmsmasters.png]
[cmsmasters.net/wp-content/themes/goodday/js/jquery.iLightBox.min3601.js]
[cmsmasters.net/wp-content/uploads/2014/01/logo-cmsmasters-retina.png]
[cmsmasters.net/wp-content/uploads/2014/02/main-image.jpg]
[cmsmasters.net/themes/index.html]
[cmsmasters.net/wp-content/uploads/2014/01/cmsmasters-net-section.jpg]
[cmsmasters.net/html-templates/index.html]
[cmsmasters.net/wp-content/uploads/2016/06/2016-06-23_1719-580x336.png]
[cmsmasters.net/wp-content/uploads/2016/06/2016-06-23_1650-580x360.png]
[cmsmasters.net/wp-content/uploads/2016/06/2016-06-23_1645-580x380.png]
[cmsmasters.net/wp-content/uploads/2016/05/2016-05-16_1744-580x368.png]
[cmsmasters.net/wp-content/uploads/2016/05/2016-05-16_1726-580x409.png]
[cmsmasters.net/wp-content/uploads/2014/01/row-1-cmsmasters-net-section.png]
[cmsmasters.net/wp-content/uploads/2014/01/row-2-cmsmasters-net-section.png]
[cmsmasters.net/wp-content/themes/goodday/css/jquery.isotope57bd.css]
[cmsmasters.net/wp-includes/js/comment-reply.min8686.js]
[cmsmasters.net/wp-content/plugins/cmsms-mega-menu/js/jquery.megaMenu8a54.js]
[cmsmasters.net/wp-content/plugins/contact-form-7/includes/js/jquery.form.mind03d.js]
[cmsmasters.net/wp-content/plugins/contact-form-7/includes/js/scriptsc1f9.js]
[cmsmasters.net/wp-content/plugins/woocommerce/assets/js/frontend/add-to-cart.min4468.js]
[cmsmasters.net/wp-content/plugins/woocommerce/assets/js/jquery-blockui/jquery.blockUI.min44fd.js]
[cmsmasters.net/wp-content/plugins/woocommerce/assets/js/frontend/woocommerce.min4468.js]
[cmsmasters.net/support/index.html]
[cmsmasters.net/wp-content/plugins/woocommerce/assets/js/jquery-cookie/jquery.cookie.min330a.js]
[cmsmasters.net/wp-content/plugins/woocommerce/assets/js/frontend/cart-fragments.min4468.js]
[cmsmasters.net/about/index.html]
[cmsmasters.net/wp-content/themes/goodday/js/jquery.script8a54.js]
[cmsmasters.net/wp-content/themes/goodday/js/jqueryLibraries.min8a54.js]
[cmsmasters.net/project/dance-studio-wordpress-theme/index.html]
[cmsmasters.net/wp-content/themes/goodday/js/jquery.tweet.mine7f0.js]
[cmsmasters.net/wp-content/themes/goodday/js/jquery.cmsms-woo-script8a54.js]
[cmsmasters.net/pj-categs/wordpress-theme/index.html]
[cmsmasters.net/wp-includes/js/wp-embed.min8686.js]
[cmsmasters.net/project/psychology-help-wordpress-theme/index.html]
[cmsmasters.net/pj-categs/psychology-help/index.html]
[cmsmasters.net/wp-content/themes/goodday/js/jquery.isotope.min5d6b.js]
[cmsmasters.net/pj-categs/dance-studio/index.html]
[cmsmasters.net/index.html]
[cmsmasters.net/wp-content/themes/goodday/js/jquery.isotope.mode8a54.js]
[cmsmasters.net/pj-categs/logistic-business/index.html]
[cmsmasters.net/pj-categs/cleaning/index.html]
[0.s3.envato.com/files/25836102/01_screen.__large_preview.html]
[cmsmasters.net/project/clean-wordpress-theme/index.html]
[0.s3.envato.com/files/25113953/Screens/01-screen.__large_preview.html]
[cmsmasters.net/project/salinger-wordpress-theme/index.html]
[cmsmasters.net/project/logistic-business-wordpress-theme/index.html]
[0.s3.envato.com/files/21562082/01-screen.__large_preview.html]
[cmsmasters.net/pj-categs/blog/index.html]
[yoga-fit.cmsmasters.net/wp-content/uploads/2015/08/favicon.png]
[yoga-fit.cmsmasters.net/wp-content/plugins/LayerSlider/static/css/layerslider9d3a.css]
[yoga-fit.cmsmasters.net/wp-content/uploads/layerslider.custom9d3a.css]
[yoga-fit.cmsmasters.net/feed/index.html]
[yoga-fit.cmsmasters.net/wp-content/plugins/contact-form-7/includes/css/stylesc1f9.css]
[yoga-fit.cmsmasters.net/comments/feed/index.html]
[yoga-fit.cmsmasters.net/events/indexedf3.html]
[yoga-fit.cmsmasters.net/home/feed/index.html]
[yoga-fit.cmsmasters.net/wp-content/plugins/revslider/public/assets/css/settings6619.css]
[yoga-fit.cmsmasters.net/wp-content/themes/yoga-fit/css/retina8a54.css]
[yoga-fit.cmsmasters.net/wp-content/themes/yoga-fit/style8a54.css]
[yoga-fit.cmsmasters.net/wp-content/themes/yoga-fit/css/adaptive8a54.css]
[yoga-fit.cmsmasters.net/wp-content/themes/yoga-fit/css/fontello8a54.css]
[yoga-fit.cmsmasters.net/wp-content/themes/yoga-fit/css/cmsms-theme-icons-set8a54.css]
[yoga-fit.cmsmasters.net/wp-content/themes/yoga-fit/css/jquery.isotope57bd.css]
[yoga-fit.cmsmasters.net/wp-content/themes/yoga-fit/css/cmsms-woo-style8a54.css]
[yoga-fit.cmsmasters.net/wp-content/themes/yoga-fit/css/cmsms-woo-adaptive8a54.css]
[yoga-fit.cmsmasters.net/wp-content/themes/yoga-fit/css/animate8a54.css]
[yoga-fit.cmsmasters.net/wp-content/themes/yoga-fit/css/cmsms-events-style8a54.css]
[yoga-fit.cmsmasters.net/wp-content/themes/yoga-fit/css/cmsms-events-adaptive8a54.css]
[yoga-fit.cmsmasters.net/wp-content/themes/yoga-fit/css/cmsms-timetable-style8a54.css]
[yoga-fit.cmsmasters.net/wp-content/themes/yoga-fit/css/cmsms-timetable-adaptive8a54.css]
[yoga-fit.cmsmasters.net/wp-content/themes/yoga-fit/css/ilightbox3601.css]
[yoga-fit.cmsmasters.net/wp-content/themes/yoga-fit/css/ilightbox-skins/dark-skin3601.css]
[yoga-fit.cmsmasters.net/wp-content/plugins/LayerSlider/static/js/greensockcd11.js]
[yoga-fit.cmsmasters.net/wp-includes/js/jquery/jquery-migrate.min2fca.js]
[yoga-fit.cmsmasters.net/wp-content/uploads/cmsms_styles/yoga-fit8a54.css]
[yoga-fit.cmsmasters.net/wp-includes/js/jquery/jquerycad0.js]
[yoga-fit.cmsmasters.net/wp-content/plugins/LayerSlider/static/js/layerslider.kreaturamedia.jquery9d3a.js]
[yoga-fit.cmsmasters.net/wp-content/plugins/LayerSlider/static/js/layerslider.transitions9d3a.js]
[yoga-fit.cmsmasters.net/wp-content/plugins/revslider/public/assets/js/jquery.themepunch.tools.min6619.js]
[yoga-fit.cmsmasters.net/wp-content/plugins/revslider/public/assets/js/jquery.themepunch.revolution.min6619.js]
[yoga-fit.cmsmasters.net/wp-content/themes/yoga-fit/js/jsLibraries.min8a54.js]
[yoga-fit.cmsmasters.net/wp-content/plugins/events-calendar-pro/src/resources/js/widget-this-week.min8aee.js]
[yoga-fit.cmsmasters.net/wp-content/themes/yoga-fit/js/jquery.iLightBox.min3601.js]
[yoga-fit.cmsmasters.net/wp-json/index.html]
[yoga-fit.cmsmasters.net/xmlrpc0db0.php]
[yoga-fit.cmsmasters.net/wp-includes/wlwmanifest.xml]
[yoga-fit.cmsmasters.net/wp-json/oembed/1.0/embed593b.json]
[yoga-fit.cmsmasters.net/wp-json/oembed/1.0/embedd347]
[yoga-fit.cmsmasters.net/wp-content/uploads/2015/08/logo1.png]
[yoga-fit.cmsmasters.net/wp-content/uploads/2015/08/logo-retina.png]
[yoga-fit.cmsmasters.net/wp-content/uploads/2015/04/bg-testim.jpg]
[yoga-fit.cmsmasters.net/registration/index.html]
[yoga-fit.cmsmasters.net/wp-content/uploads/2015/04/bg-trainers-1-600.jpg]
[yoga-fit.cmsmasters.net/shop/index.html]
[yoga-fit.cmsmasters.net/wp-content/uploads/2015/04/bg-trainers-sea-3.jpg]
[yoga-fit.cmsmasters.net/classes/index.html]
[yoga-fit.cmsmasters.net/wp-content/uploads/2015/09/bg-3-1903-1.jpg]
[yoga-fit.cmsmasters.net/wp-content/uploads/2015/09/bg-4-3.jpg]
[yoga-fit.cmsmasters.net/wp-content/uploads/2015/09/bg-5-31.jpg]
[yoga-fit.cmsmasters.net/wp-content/uploads/2015/04/ornament.png]
[yoga-fit.cmsmasters.net/wp-content/uploads/2015/04/shiva-6.jpg]
[yoga-fit.cmsmasters.net/about/index.html]
[yoga-fit.cmsmasters.net/wp-content/uploads/2015/05/photodune-11523278-yoga-on-the-floor-s2.jpg]
[yoga-fit.cmsmasters.net/wp-content/uploads/2015/04/photodune-7448230-group-yoga-sessions-s.jpg]
[yoga-fit.cmsmasters.net/wp-content/uploads/2015/04/photodune-8790065-yoga-in-gym-s.jpg]
[yoga-fit.cmsmasters.net/wp-content/uploads/2015/05/photodune-4240835-morning-meditation-s.jpg]
[yoga-fit.cmsmasters.net/team/index.html]
[yoga-fit.cmsmasters.net/wp-content/uploads/2015/04/photodune-5680407-woman-meditation-yoga-at-home-s1.jpg]
[yoga-fit.cmsmasters.net/wp-content/uploads/2015/04/welfare-ngo-preview3.jpg]
[yoga-fit.cmsmasters.net/wp-content/uploads/2015/04/photodune-11523136-exercise-on-mat-s2.jpg]
[yoga-fit.cmsmasters.net/pricing/index.html]
[yoga-fit.cmsmasters.net/wp-content/uploads/2015/04/photodune-7448230-group-yoga-sessions-s1.jpg]
[yoga-fit.cmsmasters.net/vitamin-bar/index.html]
[yoga-fit.cmsmasters.net/wp-content/uploads/2015/04/yoga-testim.png]
[yoga-fit.cmsmasters.net/wp-content/uploads/2014/05/photodune-8790065-yoga-in-gym-s-250x250.jpg]
[yoga-fit.cmsmasters.net/events/month/index.html]
[yoga-fit.cmsmasters.net/wp-content/uploads/2015/05/07-5001-300x300.jpg]
[yoga-fit.cmsmasters.net/wp-content/uploads/2015/05/06-500-300x300.jpg]
[yoga-fit.cmsmasters.net/standard/index.html]
[yoga-fit.cmsmasters.net/wp-content/uploads/2015/05/05-500-300x300.jpg]
[yoga-fit.cmsmasters.net/timeline/index.html]
[yoga-fit.cmsmasters.net/wp-content/uploads/2015/05/03-500-300x300.jpg]
[yoga-fit.cmsmasters.net/wp-content/uploads/2015/08/logo-footer.png]
[yoga-fit.cmsmasters.net/columns/index.html]
[yoga-fit.cmsmasters.net/wp-content/uploads/2015/08/logo-footer-retina.png]
[yoga-fit.cmsmasters.net/wp-includes/js/comment-reply.min3428.js]
[yoga-fit.cmsmasters.net/faq/index.html]
[yoga-fit.cmsmasters.net/timeline-blog/index.html]
[yoga-fit.cmsmasters.net/masonry-blog/index.html]
[yoga-fit.cmsmasters.net/standard-blog/index.html]
[yoga-fit.cmsmasters.net/projects-grid/index.html]
[yoga-fit.cmsmasters.net/large-gap-masonry/index.html]
[yoga-fit.cmsmasters.net/1-pixel-gap-projects-grid/index.html]
[yoga-fit.cmsmasters.net/no-gap-projects-grid/index.html]
[yoga-fit.cmsmasters.net/wp-content/plugins/contact-form-7/includes/js/jquery.form.mind03d.js]
[yoga-fit.cmsmasters.net/wp-content/plugins/contact-form-7/includes/js/scriptsc1f9.js]
[yoga-fit.cmsmasters.net/wp-includes/js/jquery/ui/core.mine899.js]
[yoga-fit.cmsmasters.net/1-pixel-gap-masonry/index.html]
[yoga-fit.cmsmasters.net/wp-includes/js/jquery/ui/widget.mine899.js]
[yoga-fit.cmsmasters.net/wp-includes/js/jquery/ui/tabs.mine899.js]
[yoga-fit.cmsmasters.net/wp-content/plugins/timetable/js/jquery.ba-bbq.min3428.js]
[yoga-fit.cmsmasters.net/horizontal/index.html]
[yoga-fit.cmsmasters.net/wp-content/plugins/cmsms-mega-menu/js/jquery.megaMenu9030.js]
[yoga-fit.cmsmasters.net/no-gap-masonry/index.html]
[yoga-fit.cmsmasters.net/wp-content/plugins/timetable/js/timetable3428.js]
[yoga-fit.cmsmasters.net/wp-content/plugins/timetable/js/jquery.carouFredSel-6.2.1-packed3428.js]
[yoga-fit.cmsmasters.net/wp-content/plugins/woocommerce/assets/js/frontend/add-to-cart.min4468.js]
[yoga-fit.cmsmasters.net/wp-content/plugins/woocommerce/assets/js/jquery-blockui/jquery.blockUI.min44fd.js]
[yoga-fit.cmsmasters.net/wp-content/plugins/woocommerce/assets/js/frontend/woocommerce.min4468.js]
[yoga-fit.cmsmasters.net/wp-content/plugins/woocommerce/assets/js/jquery-cookie/jquery.cookie.min330a.js]
[yoga-fit.cmsmasters.net/wp-content/plugins/woocommerce/assets/js/frontend/cart-fragments.min4468.js]
[yoga-fit.cmsmasters.net/wp-content/themes/yoga-fit/js/jqueryLibraries.min8a54.js]
[yoga-fit.cmsmasters.net/events/list/index.html]
[yoga-fit.cmsmasters.net/wp-content/themes/yoga-fit/js/jquery.script8a54.js]
[yoga-fit.cmsmasters.net/wp-content/themes/yoga-fit/js/jquery.tweet.mine7f0.js]
[yoga-fit.cmsmasters.net/profile/mary-sheldon/index.html]
[yoga-fit.cmsmasters.net/wp-content/themes/yoga-fit/js/jquery.isotope.min5d6b.js]
[yoga-fit.cmsmasters.net/wp-content/themes/yoga-fit/js/jquery.isotope.mode8a54.js]
[yoga-fit.cmsmasters.net/wp-content/themes/yoga-fit/js/jquery.cmsms-woo-script8a54.js]
[yoga-fit.cmsmasters.net/index.html]
[yoga-fit.cmsmasters.net/wp-includes/js/wp-embed.min3428.js]
[yoga-fit.cmsmasters.net/vertical/index.html]
[yoga-fit.cmsmasters.net/clients/index.html]
[themeforest.net/item/yoga-fit-sports-fitness-gym-wordpress-theme/12828455e77c.html]
[marketplace.envato.com/index0949.html]
[yoga-fit.cmsmasters.net/blog-shortcode/index.html]
[yoga-fit.cmsmasters.net/contact-forms/index.html]
[cmsmasters.net/xmlrpc.php]
[yoga-fit.cmsmasters.net/custom-html-css-js/index.html]
[cmsmasters.net/wp-content/plugins/LayerSlider/static/css/layerslider9d3a.css]
[yoga-fit.cmsmasters.net/counters-progress-bars/index.html]
[cmsmasters.net/wp-content/plugins/contact-form-7/includes/css/stylesc1f9.css]
[yoga-fit.cmsmasters.net/embedded/index.html]
[cmsmasters.net/wp-content/plugins/revslider/public/assets/css/settings6619.css]
[yoga-fit.cmsmasters.net/featured-blocks/index.html]
[cmsmasters.net/wp-content/themes/goodday/style8a54.css]
[yoga-fit.cmsmasters.net/gallery/index.html]
[cmsmasters.net/wp-content/themes/goodday/css/adaptive8a54.css]
[yoga-fit.cmsmasters.net/buttons-icons/index.html]
[cmsmasters.net/wp-content/themes/goodday/css/retina8a54.css]
[yoga-fit.cmsmasters.net/dividers/index.html]
[cmsmasters.net/wp-content/themes/goodday/css/ilightbox3601.css]
[yoga-fit.cmsmasters.net/google-maps/index.html]
[cmsmasters.net/wp-content/themes/goodday/css/ilightbox-skins/dark-skin3601.css]
[yoga-fit.cmsmasters.net/icon-lists/index.html]
[cmsmasters.net/wp-content/themes/goodday/css/cmsms-woo-style8a54.css]
[yoga-fit.cmsmasters.net/notice-boxes/index.html]
[cmsmasters.net/wp-content/themes/goodday/css/cmsms-woo-adaptive8a54.css]
[yoga-fit.cmsmasters.net/images/index.html]
[cmsmasters.net/wp-content/uploads/cmsms_styles/goodday8a54.css]
[yoga-fit.cmsmasters.net/icon-boxes/index.html]
[cmsmasters.net/wp-content/themes/goodday/css/fontello8a54.css]
[yoga-fit.cmsmasters.net/posts-or-projects-slider/index.html]
[cmsmasters.net/wp-content/themes/goodday/css/animate8a54.css]
[yoga-fit.cmsmasters.net/portfolio-shortcode/index.html]
[cmsmasters.net/themes/index.html]
[yoga-fit.cmsmasters.net/quotes/index.html]
[cmsmasters.net/html-templates/index.html]
[yoga-fit.cmsmasters.net/profiles/index.html]
[cmsmasters.net/support/index.html]
[yoga-fit.cmsmasters.net/sliders/index.html]
[cmsmasters.net/about/index.html]
[yoga-fit.cmsmasters.net/pricing-tables/index.html]
[cmsmasters.net/wp-content/plugins/cmsms-content-composer/index.html]
[yoga-fit.cmsmasters.net/social-sharing/index.html]
[cmsmasters.net/project/dance-studio-wordpress-theme/index.html]
[yoga-fit.cmsmasters.net/sidebar/index.html]
[cmsmasters.net/pj-categs/dance-studio/index.html]
[yoga-fit.cmsmasters.net/special-headings/index.html]
[cmsmasters.net/pj-categs/wordpress-theme/index.html]
[yoga-fit.cmsmasters.net/tables/index.html]
[cmsmasters.net/project/psychology-help-wordpress-theme/index.html]
[yoga-fit.cmsmasters.net/toggles-accordions/index.html]
[cmsmasters.net/pj-categs/psychology-help/index.html]
[cmsmasters.net/project/logistic-business-wordpress-theme/index.html]
[yoga-fit.cmsmasters.net/tabs-tours/index.html]
[yoga-fit.cmsmasters.net/contact/index.html]
[cmsmasters.net/pj-categs/logistic-business/index.html]
[yoga-fit.cmsmasters.net/tweets/index.html]
[cmsmasters.net/project/clean-wordpress-theme/index.html]
[yoga-fit.cmsmasters.net/project/private-small-group-lessons-your-yogafit/index.html]
[cmsmasters.net/pj-categs/cleaning/index.html]
[yoga-fit.cmsmasters.net/project/yogafit-barre/index.html]
[cmsmasters.net/project/salinger-wordpress-theme/index.html]
[yoga-fit.cmsmasters.net/project/yoga-for-beginners/index.html]
[cmsmasters.net/pj-categs/blog/index.html]
[yoga-fit.cmsmasters.net/project/yogafit-restore/index.html]
[cmsmasters.net/wp-content/themes/goodday/css/jquery.isotope57bd.css]
[yoga-fit.cmsmasters.net/project/yoga-for-pregnant-lady/index.html]
[yoga-fit.cmsmasters.net/project/special-education-opportunities/index.html]
[yoga-fit.cmsmasters.net/events/morning-flow-2/index.html]
[yoga-fit.cmsmasters.net/events/ashtanga-yoga-2/index.html]
[yoga-fit.cmsmasters.net/xmlrpc.php]
[yoga-fit.cmsmasters.net/events/hatha-yoga-2/index.html]
[yoga-fit.cmsmasters.net/wp-content/plugins/LayerSlider/static/css/layerslider9d3a.css]
[yoga-fit.cmsmasters.net/events/kundalini-yoga-2/index.html]
[yoga-fit.cmsmasters.net/wp-content/uploads/layerslider.custom9d3a.css]
[yoga-fit.cmsmasters.net/events/yoga-dance-2/index.html]
[yoga-fit.cmsmasters.net/wp-content/plugins/contact-form-7/includes/css/stylesc1f9.css]
[yoga-fit.cmsmasters.net/indexc6bb.html]
[yoga-fit.cmsmasters.net/wp-content/plugins/revslider/public/assets/css/settings6619.css]
[yoga-fit.cmsmasters.net/indexf147.html]
[yoga-fit.cmsmasters.net/wp-content/themes/yoga-fit/style8a54.css]
[yoga-fit.cmsmasters.net/product/tibetan-singing-bowls/index.html]
[yoga-fit.cmsmasters.net/wp-content/themes/yoga-fit/css/adaptive8a54.css]
[yoga-fit.cmsmasters.net/product/cinnamon-handmade-soap‎/index.html]
[yoga-fit.cmsmasters.net/index804b.html]
[yoga-fit.cmsmasters.net/wp-content/themes/yoga-fit/css/retina8a54.css]
[yoga-fit.cmsmasters.net/product/set-for-relax/index.html]
[yoga-fit.cmsmasters.net/wp-content/themes/yoga-fit/css/fontello8a54.css]
[yoga-fit.cmsmasters.net/yogas-power-to-cure-depression/index.html]
[yoga-fit.cmsmasters.net/wp-content/themes/yoga-fit/css/cmsms-theme-icons-set8a54.css]
[yoga-fit.cmsmasters.net/tips-for-getting-started/index.html]
[yoga-fit.cmsmasters.net/wp-content/themes/yoga-fit/css/animate8a54.css]
[yoga-fit.cmsmasters.net/product/yoga-equipment/index.html]
[yoga-fit.cmsmasters.net/wp-content/themes/yoga-fit/css/jquery.isotope57bd.css]
[yoga-fit.cmsmasters.net/6-yoga-poses-for-lower-back-pain/index.html]
[yoga-fit.cmsmasters.net/wp-content/themes/yoga-fit/css/cmsms-woo-style8a54.css]
[yoga-fit.cmsmasters.net/the-best-yoga-poses-to-relieve-soreness/index.html]
[yoga-fit.cmsmasters.net/wp-content/themes/yoga-fit/css/cmsms-woo-adaptive8a54.css]
[yoga-fit.cmsmasters.net/yoga-mistakes-to-avoid/index.html]
[yoga-fit.cmsmasters.net/wp-content/themes/yoga-fit/css/cmsms-events-style8a54.css]
[yoga-fit.cmsmasters.net/event/menla-mountain-retreat-center-catskills-ny/2016-06-27/index.html]
[yoga-fit.cmsmasters.net/wp-content/themes/yoga-fit/css/cmsms-events-adaptive8a54.css]
[yoga-fit.cmsmasters.net/events/category/for-free/index.html]
[yoga-fit.cmsmasters.net/wp-content/themes/yoga-fit/css/cmsms-timetable-style8a54.css]
[yoga-fit.cmsmasters.net/event/summer-solstice-in-times-square-new-york-ny/2016-07-17/index.html]
[yoga-fit.cmsmasters.net/wp-content/themes/yoga-fit/css/cmsms-timetable-adaptive8a54.css]
[yoga-fit.cmsmasters.net/event/wanderlust-yoga-festival/2016-07-15/index.html]
[yoga-fit.cmsmasters.net/wp-content/themes/yoga-fit/css/ilightbox3601.css]
[yoga-fit.cmsmasters.net/event/yoga-journal-live-conference/2016-07-25/index.html]
[yoga-fit.cmsmasters.net/wp-content/themes/yoga-fit/css/ilightbox-skins/dark-skin3601.css]
[yoga-fit.cmsmasters.net/wp-content/uploads/cmsms_styles/yoga-fit8a54.css]
[yoga-fit.cmsmasters.net/shop/index.html]
[yoga-fit.cmsmasters.net/registration/index.html]
[yoga-fit.cmsmasters.net/classes/index.html]
[yoga-fit.cmsmasters.net/about/index.html]
[yoga-fit.cmsmasters.net/team/index.html]
[yoga-fit.cmsmasters.net/pricing/index.html]
[yoga-fit.cmsmasters.net/vitamin-bar/index.html]
[yoga-fit.cmsmasters.net/events/month/index.html]
[yoga-fit.cmsmasters.net/standard/index.html]
[yoga-fit.cmsmasters.net/timeline/index.html]
[yoga-fit.cmsmasters.net/columns/index.html]
[yoga-fit.cmsmasters.net/faq/index.html]
[yoga-fit.cmsmasters.net/standard-blog/index.html]
[yoga-fit.cmsmasters.net/masonry-blog/index.html]
[yoga-fit.cmsmasters.net/timeline-blog/index.html]
[yoga-fit.cmsmasters.net/projects-grid/index.html]
[yoga-fit.cmsmasters.net/no-gap-projects-grid/index.html]
[yoga-fit.cmsmasters.net/1-pixel-gap-projects-grid/index.html]
[yoga-fit.cmsmasters.net/large-gap-masonry/index.html]
[yoga-fit.cmsmasters.net/no-gap-masonry/index.html]
[yoga-fit.cmsmasters.net/1-pixel-gap-masonry/index.html]
[yoga-fit.cmsmasters.net/horizontal/index.html]
[yoga-fit.cmsmasters.net/vertical/index.html]
[yoga-fit.cmsmasters.net/profile/mary-sheldon/index.html]
[yoga-fit.cmsmasters.net/events/list/index.html]
[yoga-fit.cmsmasters.net/events/photo/index.html]
[yoga-fit.cmsmasters.net/events/map/index.html]
[yoga-fit.cmsmasters.net/blog-shortcode/index.html]
[yoga-fit.cmsmasters.net/buttons-icons/index.html]
[yoga-fit.cmsmasters.net/clients/index.html]
[yoga-fit.cmsmasters.net/contact-forms/index.html]
[yoga-fit.cmsmasters.net/counters-progress-bars/index.html]
[yoga-fit.cmsmasters.net/custom-html-css-js/index.html]
[yoga-fit.cmsmasters.net/dividers/index.html]
[yoga-fit.cmsmasters.net/embedded/index.html]
[yoga-fit.cmsmasters.net/featured-blocks/index.html]
[yoga-fit.cmsmasters.net/gallery/index.html]
[yoga-fit.cmsmasters.net/google-maps/index.html]
[yoga-fit.cmsmasters.net/icon-boxes/index.html]
[yoga-fit.cmsmasters.net/icon-lists/index.html]
[yoga-fit.cmsmasters.net/images/index.html]
[yoga-fit.cmsmasters.net/notice-boxes/index.html]
[yoga-fit.cmsmasters.net/portfolio-shortcode/index.html]
[yoga-fit.cmsmasters.net/posts-or-projects-slider/index.html]
[yoga-fit.cmsmasters.net/pricing-tables/index.html]
[yoga-fit.cmsmasters.net/profiles/index.html]
[yoga-fit.cmsmasters.net/quotes/index.html]
[yoga-fit.cmsmasters.net/sidebar/index.html]
[yoga-fit.cmsmasters.net/sliders/index.html]
[yoga-fit.cmsmasters.net/social-sharing/index.html]
[yoga-fit.cmsmasters.net/special-headings/index.html]
[yoga-fit.cmsmasters.net/tables/index.html]
[yoga-fit.cmsmasters.net/tabs-tours/index.html]
[yoga-fit.cmsmasters.net/toggles-accordions/index.html]
[yoga-fit.cmsmasters.net/tweets/index.html]
[yoga-fit.cmsmasters.net/contact/index.html]
[yoga-fit.cmsmasters.net/wp-content/plugins/cmsms-content-composer/index.html]
[yoga-fit.cmsmasters.net/project/private-small-group-lessons-your-yogafit/index.html]
[yoga-fit.cmsmasters.net/project/yoga-for-beginners/index.html]
[yoga-fit.cmsmasters.net/project/yoga-for-pregnant-lady/index.html]
[yoga-fit.cmsmasters.net/project/yogafit-barre/index.html]
[yoga-fit.cmsmasters.net/project/special-education-opportunities/index.html]
[yoga-fit.cmsmasters.net/project/yogafit-restore/index.html]
[yoga-fit.cmsmasters.net/events/morning-flow-2/index.html]
[yoga-fit.cmsmasters.net/events/kundalini-yoga-2/index.html]
[yoga-fit.cmsmasters.net/events/ashtanga-yoga-2/index.html]
[yoga-fit.cmsmasters.net/events/yoga-dance-2/index.html]
[yoga-fit.cmsmasters.net/events/hatha-yoga-2/index.html]
[yoga-fit.cmsmasters.net/indexf147.html]
[yoga-fit.cmsmasters.net/product/tibetan-singing-bowls/index.html]
[yoga-fit.cmsmasters.net/indexc6bb.html]
[yoga-fit.cmsmasters.net/product/cinnamon-handmade-soap‎/index.html]
[yoga-fit.cmsmasters.net/index804b.html]
[yoga-fit.cmsmasters.net/product/set-for-relax/index.html]
[yoga-fit.cmsmasters.net/product/yoga-equipment/index.html]
[yoga-fit.cmsmasters.net/yogas-power-to-cure-depression/index.html]
[yoga-fit.cmsmasters.net/tips-for-getting-started/index.html]
[yoga-fit.cmsmasters.net/yoga-mistakes-to-avoid/index.html]
[yoga-fit.cmsmasters.net/6-yoga-poses-for-lower-back-pain/index.html]
[yoga-fit.cmsmasters.net/the-best-yoga-poses-to-relieve-soreness/index.html]
[yoga-fit.cmsmasters.net/event/menla-mountain-retreat-center-catskills-ny/2016-06-27/index.html]
[yoga-fit.cmsmasters.net/event/yoga-journal-live-conference/2016-07-25/index.html]
[yoga-fit.cmsmasters.net/events/category/for-free/index.html]
[yoga-fit.cmsmasters.net/event/wanderlust-yoga-festival/2016-07-15/index.html]
[yoga-fit.cmsmasters.net/event/summer-solstice-in-times-square-new-york-ny/2016-07-17/index.html]
[yoga-fit.cmsmasters.net/events/category/outdoors/index.html]
[yoga-fit.cmsmasters.net/events/category/outdoors/index.html]
[themeforest.net/item/yoga-fit-sports-fitness-gym-wordpress-theme/12828455e77c.html]
[1.s3.envato.com/files/93998022/preview.__large_preview.jpg]
